yGX0J5FxaU4
6ZQ_AHc8qVM
2xNts3dBEi8
xbYiflx4jr4
gpHvTR9Adjc
91JILMRkV_w
0sybYtiUdes
EQO8gPsJ-M0
Zvp1iXAqnTk
VWmheBA9iqs
0zTgjX1KNlE
T6NJG-_0zTg
OBfV0hX99mw
Cc_mdqzWn1Q
chPYrSOUNIs
7GxTxpD5IEI
HHClAFuKoV4
MyDTbMwZ-LU
2YLTnTKd0OE
33zIhjShdCk
pm1kMnyjouw
_j-hnQILV5U
PWEuc361ha4
4pGuLdKEh1c
sPzDc5gw51k
IuSfGotgnSs
ui4LZ9y019Y
7hfX9x_SZ_o
B5-vlH9qAy0
1X6GopD-rwk
PMwpAh3Oyi4
pcdBM7YRL4Y
R9N3rTZ6OTE
oRxj_J8Arcg
zN2tGo212go
r1ow6pEb_8U
u0UoSruQGuI
7fVDxyd42E4
2yhIlI52fyk
Fq3zQrNhHGU
KH-cWGoy1nI
uSNslvTGyyQ
hPtBmhG5j00
mg6AKnbZP6M
YwmzytIlbds
yWUIxZswOQo
XDMYumbI3vQ
ZAhumLRhHoM
ARoCONftd5Q
QAoJZEDevTM
HDgKnCD7w9M
nIU2fy3pXq4
p1DctIsZZZw
E2HLpcYnlbY
foytHtk85xM
09wpobHFrjk
ZoYwIQdJlNA
pQ58tR1dE5g
VHCBPiBvkis
4BFzyqmZCGY
Av4JuDDJVY8
HsM0b0Xqlt8
7TWK0b3svqo
roZ6Mlx3NuA
nsQ4_D2Mv48
Rw1TtaPBfW4
-8SwbZ8Uc4A
fJKAXPTKSq8
HblbYwv07ZM
TaOANUVSLso
_NTbdOG88jU
3kIjQfDtGN8
N3mYGb2AbTg
l_mF4Npa5-E
9TDjfZAb0Ws
c2HYcoEry6Y
9N8tWYZ6GEs
fK6ILAWXwxM
NE5Vhst9vUE
E25b_Bp26J4
2vOGjaaoKxA
SWrLwUcHFkQ
xfWc0otYGbQ
uSglqpB5glE
BIbgBtafmlE
pttWEEJwixo
n3GXCKXIdeo
A-Dscjtilkw
VxEY6rOPd2o
t9IDeL3beIk
VyiWcS8C8m8
vxFTjNXSIKg
VcnqrCq9ZBg
By-gQ_BPRWE
517kKN0CMWk
uMzxmgQipL0
B1zE2GypK5M
CVAZCg8lCm0
a9IF2SUp5oU
wYYiHCyq9vE
870pkiN3ILc
VYKTtTvmDMM
CbZx-1UTTy4
UV2nXZ02dF0
VZpVTGvDVQI
qTtN6_BY7cg
38qb3aZvpbE
Bwt8c9-kuVo
S5r4-yUUzjk
Lpddz8BNqio
m5FCkREb3wQ
f0jZ-_liHuk
_Rq0zzGsySo
5BDS27hXJq0
pwba-PmjWP0
XJ-ftwFNY74
uykM7yCN1Us
cPjPHQhMeVI
DdEQJPiOS3U
-P-FcDH83zs
FNNEh2NZ57Y
YDXQbJvypkc
v1-Vxw2kmpo
R3wLq29_E-4
ugY42YPZ6hY
FuL0JjqWPB8
WaJrGr9gstA
JhylEPq9I-0
23UrfwN0fdk
vZvfEWZ6NRg
xZxUTtFIGcU
CWb-PC1-SwA
RYihG3AgCpw
4UxkzEOxhJ4
M8xsEhndN4s
hfnRtXnG0X4
exhD-BpnoqM
upOHqqmOSYI
q0J3dtV2kwk
Bu_QMQdW2IM
RYyrv-sighs
ELnTZe26zBI
4M_4gnT7OZg
oKIOxMh9u58
i04II3t4Kqw
EzYrj2DI4ho
F0HSkC3AZvQ
VG6fL-mdbsc
fW9RPUXIkIM
F7RfJB1FxZg
aqVCchRQW3o
L53y27I5dsg
sWdxfPWu2Oc
nRSXElzzaTk
SNvpqDrJBoM
H-MxVbgxdKo
VtwVLvoEj9M
HpYhvHy9Mt8
2AHJABknW1g
uVZGj1ld_G0
Or2XfHfTrWg
wgBotT58--Q
xgPE6HZ8WyQ
uK5PJN4W8UU
EZdIRIcskAw
riLeL4G2xDw
k-rbcN32Rbk
NCb94FzVLE0
CF_dwus0Cmo
DJFE1dBaUCY
JI-l70Z9GFs
l58t4JxcDQ4
fznLcLp51eU
iszOGyscNUQ
id24t4OKQ0E
lRIY5pJH3IM
TFgqPNC6aX8
9JpGEoqH9qU
LfV23QpIHoU
vgEeel1sZIo
AVrkIAmP2b8
FDFQEvzMhs0
yP39dMKqlzs
sAqUzXWb758
-AJFmYdMdps
s4M90SeTbGg
8JhXzu7hfps
thruZVXh1Wc
Y413tHKx3GU
Bcgx3Jk5wEI
_oAhA5ghgWg
fVh56mviyp4
wVccXDilXKU
aOT4yLzuP7c
w49LJ3ADaw4
-Z8_8dOGFwA
GOGaRN3sVSE
94JKD-rZ6gk
RBd-LyBpBNk
rWFUY5p7cso
u7okTNo0BE4
fxj4bADkEp8
fX-etYbz_II
PMVl10QUbEE
dwsYEt8AMNA
40sBRTag50o
1VsZEr_58sI
BB2Qpf4QH5M
iqgH3-joIY4
i-b1X7WOL10
VaDwegPAebk
L3NcSQeI_Ak
lbFpKE1pPv0
lV4MfxDL3A8
jRE_VTjyfuE
_vDp95U3JTQ
27-vnt2mkCQ
9r9qK_Bv3Ps
S8rEFexb9WQ
CWSBa1R73ss
SuVZXEVWIwA
bQh4rMdGKlI
-nHA9_-efEc
T3fWz-qqdaA
4i5LUAcZ9WA
mkxxQV-UY-w
T_18Ie6hjBU
HkexReYiv50
Yx_E8LSebos
7j9y60V6-Vs
vtrs_ZT0K4s
O4KkYfMvIn4
YF4MwkSpOi4
zKEiwIccXh4
tgfGzsaZ9RY
LhVIqHppuF8
p0goLcvvWA4
Qj_PZqrJ6ZE
e6J60YD5Izw
XFL759D4qhU
1ydnsqJqejM
tMGaqreCceU
zTIro8agT3Q
jbcTWU8yWp8
oXl6cpCU7bM
N4x05vbDyU4
nHC_x2rD7Do
BvdzeI0zsUk
lHZ-Z7Rvlpw
eyVpSHvtabs
iPt_9lDHhO0
EyEuQONEXf4
dz_nN3JpFHk
r-WTdL2BJjI
0y0NucrRYQA
Uv8QUQ9KHW4
jlEHQBVVkvs
ap41G49t6r4
t5rmPKLeA2I
KkCiS8IpE34
r6kaSGby50c
qgEyassADA8
UsO6c6GYbLo
uosHoKk2XWM
luxmjo1dJog
E-reWZoiNe0
Zf6211VhUR4
5rUV_7sCpVs
U2crVm-l0OY
qtSOkUSfNOs
9dzaQ8bB7BI
eWPOMFoHph0
KQ-bK0E6wuU
MNc56jp4vGQ
uD04bChI1sY
Vr7DZcW9QbM
x_5e3ZfPnRE
j-OZjrIhIbs
316x8vMGVmI
NMYtnGJPv1w
qVXcB3T-AGw
qSeZvfme3Qk
8B5WoKTbxqw
BysXuWoaKXU
HoxjQSaAWZU
WsFzlwo9YpA
Nmh_2N6ujH0
ck904rVSN5E
1XsvWe5wxgU
RlQJAdU41wk
o8Ruc5BBuxk
RtRJ7bM2YKc
wEc0NTY_YSc
hfj-Yi0HqdY
66baTNN0-x0
lG_snbInkNQ
0irXcnsNf78
6U982kMmEaI
m8ABsDLg8ns
8TtIWV8ADTU
WW6oF1_THZs
IFHHdj8ECYY
wYsufTFN2u0
pKm3kmbFX9A
jsNHvLwVF6Y
C4s0bObmpho
YjF94d8XjX0
MRB-vbGKblk
b3n0jP13UhY
IHVZq8VXBKI
yEGAVUzEZWM
UqkRgm_6lmQ
dT9CI1AkLGI
CHVJFiUun2E
CP278uZO2lQ
XjizD1t-1Wo
W9wS0uMK3KE
_Oo8zMvryoI
7xzDtC1AbWs
X0f15maDOsg
plv86RsP9Qk
7-48tg78OYM
39uQA3erbpU
AAfbVUZOEUo
eCtYdBvI0GA
_g968PQ4XRs
yv2LORd1hfY
CA95GsQWfkQ
APr1BgRftRg
KrMCvV1mWPg
mQkFufx_Q3k
jnUaTKYlZ8A
gk1u0Pde08M
ejRdOF2_PfA
llU4osj58XM
pQfSJU2REy0
uCQ-4VCN71M
7kPuqo1TJ1w
y8hKIEoDwHg
a3K_RpVjFiI
UpMQ6krWvjk
RI26u2-jfbQ
rUWkZVknubk
pChBsUnGp2o
fOvp818K8R8
S_O9ObD5y0k
wqyibXk9K78
Bp0ffIoimRg
W4QTgdNJw60
Jr4bET5pK2s
GMfOa9X_-OE
qsKUxUQ9-uE
6PIAEabg3HI
pRgvqQIeNk4
Xn-1_AEvDsk
mtA0SZ9slOE
urS_W1CO9RU
KZPQuCFRRRg
hWLt276gRSg
4PROUGBOvWM
-D4bD0r6BNM
DUNjuEHW6T8
AugxxUfxVUY
jb6EJvZppR8
KmFIn3WdkCI
Va_bicP8Nc0
1Nex8wmLd2M
WJq2uhFZc0c
hg_6xU9jvWs
B7WvNgF8vzI
9l12Y17vP0Q
2_-VMIFBKmM
pM4jXR8g6w8
tdlt6jZxbkg
tn0mzigC4wc
BZNxBrev2Gc
S7H-lukAEV0
rflboyVX89I
uSmtVO8_qMc
0h9GyNmmbco
tm1bvi9N_bI
LcFvOOg-7w8
eOzjfS9DGvI
JNop393u18c
eqQ2OrP17eE
stL9yGKX4js
QzvSuOArauU
5MNPMj_gkgo
Rni4y-6ERz8
Bspi1oYaG5k
q9bRcBvXRh4
d8RyMegyz4M
_pkf_wCtsV8
O2gHE0Zf3y0
7ytRa9pb34g
qmg56RDqPJQ
ZhNw_OTBilU
KSSGbUjvFb8
DQVP6Jppw3I
aoKyh_7gGBQ
mcrVuHWJhbk
pH6fCw88RD4
HrkqbLQM0fw
eIhvppt6aA8
bZEvzJRbOgs
4T4QddpNSfU
oIgCZAqgDDI
NtxbxwA2chg
Lb6eS4-VS-E
gFF7_3IXgXI
v76pNgSawP8
cqvuZsghlCo
7IXGb3vgcEM
RXDsMomtWKU
GbX8L0Kf0L0
nrgKi449Jvs
mU0yVoQMnkU
oNlW6BZ2dD4
EoymhvCdJBA
7NM2WlXks_s
vjzgMCfgSXA
HyQi0A6my64
LNrpCzvou9Y
d07V_izAqWk
4T220D2RRhI
gaNeKvRz68M
hYfU0sE5IJ4
X3athm2_MrE
vqIi1lDxEPY
UnWxNvYo68Q
I18UoYgmKKk
5xHpcm2PnnY
2TNj1p__KPs
CTxjBXT4BEk
Mx4hf_sYBoo
fjSi8LFRTgA
ohT1TujZz9Q
ATyLV28IUrc
Zi7ePhY4SRk
k3OIHh3JdZY
cCUS9DJzCC8
qR8Pnyyd5Wc
Jky6YY9a_IM
-kz7a0rWGRY
SeTSre56iXs
Siowjb-Ciis
hcwYHqdz3i8
M0ZhnmPVEL8
PsJEBkhwhPg
O9drgAEvN9w
yDHy8pjZpQo
ETxR_XuAt3I
XJ2s9CrT_s8
D3zTasLEV5s
_k-9HRSfMEc
urYYhSKrZpA
ck4Ag2cbCSc
Yg_ymAMu8js
KVwbajZTTDk
qIzlj3-lasE
J7Y6ocwoPtk
QEDDcFDKX3c
x45NT0VSTBk
MyOQsa6yWR4
mQVJ5F4py80
ucOn_4o2DnY
WL-YTkN2s4U
nF3ayh9SpQE
QaYjtjl3A2U
PdH2Y-Y6fSU
B-gNni-i0o0
-jcL9eRE44c
fiISce081Qg
emhL03mQl04
eA15yB_1pF8
Kq_2dONhFGU
HqS7dGN1AsQ
5hxO2YtQ34I
_U6alKDCcfM
j-VJO4x-Nhk
raZZfrXk-vk
Cfx88L6E76M
lDQdPsGX_8I
2I8O3tnhSx4
FjPZRKn4CYU
ll9KpLbCLD8
sNL5OhtUeUM
-Lm0VOrYqUo
S8azpcp3gZE
biH7qdaKlog
dMgqRoexFQw
wkqiWn_rMVU
u0g0uPDfHXM
sLPJKl64nfo
ierjZq_HdRo
SA69wbPPLwI
J-PzsmCENo0
kBC1B0LVUxM
ESf1zAlTlgE
4aqZn6c_JpI
BP0kCW0HsQQ
5iUCEnx6hh4
W0AN-pQHU1w
IyYRzLzEL_c
UxwRm8Znawg
bPVFXAjxsnE
W5xpMBnz5LY
UC8HlJzSzbo
igGkgwYMpI4
K10REZXzg3g
Dis0_3I-OuY
0pMfPGEzjLo
bSz5NhfJECg
WaI8uYEhSK4
Ct_Ses7k4Rg
L0XGUO5zW-s
FzpSYaqGWBY
-txTaQlXDvw
6l_iKRPP5_0
4ptmFZlBSZY
iZ1fD-1Zjl0
THgKd_1QRvc
ZTkH8LV0w2Q
6d9SOdV_Y_Y
Z9nHvflZaDU
MuZqoOKTbX8
5__c6356HqQ
L4iXZZoRMpY
f2J9MYDjfAQ
0863DeTTm_4
BoYEsBBG9Gg
gZ-AZZih4mY
nTFCBOHb6l0
2YOpPG8-umU
YmleZxEi85U
Kyenqj-rqws
TROyL_3BzQY
YnIN7zW1XeI
s0r0mIipUYs
Y-14l96Hw1s
b0U0Oyc0ycc
Y5dhISHSe3s
Tlzxui15vhM
JuMqKXXv9rc
XOghi1Dpiug
Qj0oHubHhBw
7lLuVeqnYeg
LCAHHi-A0ak
XuUVcD-NnIg
LpCnlYPWyBE
F4bYwvtd0qc
Imnt8AKWQG0
sERBZUpF0wA
vBE0FbtOWIg
URpDo-Fc6ko
llkKGPHyXck
emMp9ua7lHA
Dhx5eCmQp44
079ljjnnN2Q
M2M_1JYnNfs
cmJn2BE7Xm4
vV_rHvsX7P8
xmDR8syoyNE
MKvjI91wbQk
lFrJqWtuRK8
4gTz33UHNhg
ht3ug9pOBB0
zVkr0yKiAFU
5KZ8QNzCplg
M6nlILd5DE0
EpvnxZDZkaw
QBPHA-OyfxY
Gf1ER58a53I
C0uMF0HifCg
iZ6yZYC5nC8
0-mBobfKAwg
wKW6jScw2ik
8CMi_dDlIw4
GcDIKp28nv4
rUrDrHSddo0
dajGJMM4UB0
x-H88Tqbp5g
KRMIYCXEPtc
pHGBPQvHxEg
15Tjaw092nw
-580LAmlIrs
x-NmqoSEw24
ViMjCMkkYWg
0PwJC7M-xAM
5Z5HJ9I7R1o
iahmbHAqfds
DbB8S29_igM
A6Sv9Djz_5Y
Ts3hrXdU5qg
rPI1FS6nfFQ
tgg1g2H3wBI
Y836Ynxkn-o
9v7pPHfuiWg
zeaGKjIvfsU
d60E-hJbrKo
oFkhT_r9mOE
Cv8mph21UDk
YVNf4ot6gG0
7_i-3FYGacU
_Z9vQRucaYI
O85DyO60MyI
