rpHADu02Zn4
2YTdICMvJZ8
BeISaNnLij8
QayGGj0XTJ0
9-usbZGkooE
U6UxWcjTCmE
7f1nUwBVYCc
Yzyi_pEvmkU
YMeVkClPG7A
ToDouwkzRQ0
XTUzjtjHqcs
7dWLaTjWiKo
7kJQY0S2B_Y
Nhfba0ahmuo
JXUXhQlp-0M
6Jqrt_y_wqQ
0citx_NLOI0
SrtWST4nB80
t3EhJUurCM4
fGV1u4RdUi0
PE8_eRuqOY0
rrRewvtZDq4
iP6qzaN_AfE
rkq9xFzc51A
pGd5xGG-k0Y
TPy8ZBWmnno
wgHSdMd6BAw
eMa4tZfBz3w
CExrbI3Xhzk
YJJWW18gRhA
qe6Os9zo0rU
QblWRqrIuGw
UB-hvUyRsyo
cH2eRE1vUqQ

JbJmbv1G4qU
XGQuh9qwQww
4fK6BeHLV10
btRZbznIUEs
vIchTwvA2rM
t4Sn1zx4IBg
6yY1eBmRS3U
Z6eY8vl8sj4
v0Ar6c_oB3g
8vnrTkzOC8I
iwkEScle4HA
wFota3kEU9U
dGKA86g7xyA
ddotl3bNJ_Y
nDHKenJ1MlY
K5XP7idd1sg
iQacG5RbXE8
maXqD9mjfZM
d8kcMZobEhU
9baVGgFOl2U
pT4QbS-CM24
l3kFXdI7e4A
BWRIax4zDWk
