RZkSVJ55f44
qQDLo0hTB78
eV2iPs2LjBQ
N0r0IMCRgIQ
vExkhZO3Qjs
IpU_Ut3ll6o
ScF0FdbHzbw
nviydBTIULg
42Q0bLM7CbI
vcpIheC6tLw
4xgEotG7qa4
gnv3Tt4kuMQ
99ESVjKkp1Y
zw7bbWIpDpc
Bj5zeryoETc
d8NsZH9BIDc
ZH7FjojVuz0
b7opfjrnoYE
ZFa5ijmO8zY
1h4R6gxza0s
Wf6Qp_jxSFc
XSAuaZw2IQ8
U-MTaWifcAQ
BYV-5IOG1lU
wHxbIhf32yc
9PJxoTs2Z88
LW13B4T_WmE
7HzU55--TzQ
pOuPqoFNdAY
qjkQyqw9Dqg
u3uxqI3NxBE
PxytfJnz92M
6XfcW0U4tgw
TRR_6q51DSU
Rcn4JIgjRxI
e3eo8bxIteE
P04yXYu4f_0
hSfBF9hSySk
ik61r9QTEAA
GeKcHPyZPfM
QFIuLH4_NpE
1KXPGeuLfQw
UKJO_jsiX-M
DS3BBl-noE8
soALEvt_6mc
qln0n9P6cvk
kgsDeWjppYU
BmQIPfF3wCQ
MuvAR13_JnY
_HxKO_Ghsf0
UOxItDag1lQ
QK8vQFt6txw
Hhmv7P-dStM
9q-g5vg0xMg
MR3TawFP1GI
Z8TFVyqySUQ
tD2DD1qsn8w
9ijNf0CWNKk
xAdsyVcfUoM
3HMTavyUDR0
VWk9QHCr_CE
tRFeAwIIhfs
qg1H7Ti6QSU
ZiPBcaacS5w
jR37F27hKFo
wS3tfWEN80s
Hhbv1_z8z3k
cfGe-L1wmuM
KeprEzDao38
QxUJM5If88A
A-TlqZE0qQE
ECIZrD10a34
lDrlaSECQQs
JRwq5bLyj_w
xAXNv_GmezE
ZO_ZPWoTBGY
0oRTXQLf5wU
rGhxtkDuLGk
z10amKFK3z4
GYcndwWQdJE
Ze5YQKWwYJE
Q4gLDc2tFv8
apJZsOxdXU0
yO5YRsqsUIQ
Qj8gjodQj3E
8qnMVD5EQUE
0SFw4tADbWI
WaKVfJ_BUR0
sRfLoeRnDh4
DT2hhZYu2_Q
RUlhJfd5GrI
9q1hEA-wb6U
43UU17q0_7k
k0Eu4HtrNUY
m5xwJw9Zk1U
51RNfRux8U8
Zq3hsj3cv10
vnC-kOEDQkA
oXTW2En4T7M
ikLmtc9zqDk
YC3dOR3Ty0A
ZjPwG1JD-qw
XnGBv-hoZlM
JBgfpuXrjBY
jn0ZD6qx1tg
vYr8lZAy_to
uufgteoGiq4
gHBPeDzBMYk
jkMulBrU1GA
5PYwqn56fb0
L30vf0spT9c
0CyJIzUZJ9Q
mGoburIk4_c
c-FSfvueQrM
_B3t4Wjui1Q
cRZabYhGsPk
bcwBLG9wteM
Ko1dtDvTkIc
so_M-3fdelQ
xjp9lmLillM
LTQJtEFZkCw
ZC37ij979Tw
JBzYoXzGc0U
T_Q3EWC21XY
ZWfU4cGKEhE
0niWAiqNx9o
GUEobncWZ7M
9SybIYKDSew
J3jdGGMi8tI
r1Ksd-eHaxw
dUj74vaB4sE
RfzG5qmSj-M
xAuoklfgR14
T_8xuGYkpaU
xO4JGu-xWMQ
9BrCFENZ0Rw
i_6ef9R-aJA
jwxcae4JASk
dLrfyE_1Azk
TGxNDkiJMfs
c4N0udbVbfc
VNXC3NkzSGc
6f7-jwJ3R9k
PGpQ0lFcjE8
9LPYgjMKrsg
wcXy3qxBSRo
yISIhIscdo8
GlmzX-RQxmM
6sVcSzgREhQ
a1sA5G9uBo8
CtAuI1N3MB8
kWS8Xbldqrg
n9tTov0Tg64
wKESrt-Q16Y
sPfCaM6Cxo0
dIB3DxxUJlQ
sSd7N6CeLmY
x4WGoEy2ygY
Cr6LLrhfUYc
6HCPI1Xobqc
wlvBxtXEw0k
FiSp-B5EfSo
aGB7WmgmzLY
c1ICY5pXpeM
Im17ImAA7og
KnwKD0zgil8
fzseyzDqeMI
_E-MSRWh95U
I8D6YQVlsNg
43PSGeMxnXw
7Avq8nrOxV8
KtzHv6YUbMI
RmkSF4TUuUU
mFcocLc5mgc
ImfNpl8rrD8
xRowntfwxNs
rNIwul4P1u8
71yWuigFD4s
sb49LmtbzvE
meSJXavewLs
MQM6y5XpjBE
X9pl7pVa2xE
Ic0jUfEc2d8
kaCbNjCep6s
zimAW2WHvYw
6F3m-qbEw2w
Q2GyPohAc6s
Z5IN0J2yk0M
DInboVXkFT4
hT0alTLkDhk
CtpeVvkVpcQ
rkSi4KCSHao
RkSg1XbddtM
qPKEdfZ8mss
lK31kNJDXbk
8h5i4wGJs78
DvMGowXXlvc
KXtbXy869Z0
geFFc5IlVjg
QDRYYppc5tI
CVcfZqazSbo
uzU0FpEx5x4
7l-rAL1QAWw
M-p7b2v_w74
FeK9eE5ivQw
A17bgK0GIvw
0M-Fd4i2bh8
02GejG-mXw0
nLKyL-ABY8s
coIHLmlihFk
xGYnBePaF_Q
VQBCNk5_sZ8
tWMCFH0h1zw
ADUc3QdH85k
6aOIhjbPu6M
JCbGWbS4EzY
TgEFWXwgMNU
22JvqzmhgD8
mteYdQay5i0
rSxGvq8Vtx4
mz8CJNrvaco
tNuOziDptrU
mVUCY6QQ7qg
Q5N1EQU6k2U
6QvPUveFNP4
Jk2VypdQaNY
pUL8kFCOiJU
meLQTjqcfeY
r0-Veboy8ug
cHDDODqXq3E
DhnBteSedss
PI1IYwjzzko
sqCEGC9KGB8
__Nq11sxiDc
DS5IMHV_HT0
-dJJSebLCwE
FnpbE-YFvek
ZRQqR4YtzDA
xVuAV9H_C3s
ghqYQ0tdDIw
K6iYB5lpRac
FD9fqrwQoB8
Nwfc9ZJ5IGc
JvYFkEyPDGc
Xz4UkoKlgOU
Dr6VcCTd5Qs
vjAUI7LBPAo
kTvtZ5TeFSE
XChWYv-b4Ts
vUf5XGH5Vhg
0vWQ9gDA-r0
Nen9CyBonyk
15qpHPpPVMU
6k_DPtf9TDQ
iE5-wemWfkQ
-RJcmLX1A6g
ae7suwakf6o
3jQYMScZoOo
ZUIdwelF8lY
F--ZHgxdwnU
Wro5h3aSC5U
LRK3QkCF_FI
GI3i3hCa0Ek
gs3znoiizbk
NlP76KoWj-g
AqRWGDcwHWM
FNKKfgJzQMc
9thiAXMOiYA
mfUTu0P1eHE
LLXp7f8oSVs
3fGrNcv5wHw
3PRBSja1eXw
XbPAKwpQK4E
MyQdAJzH9LY
tKJQKdcJv9I
LIvLY0f39U4
kUFw7iqZ7aE
Fbaiz8Zsa98
S0TTcag_89s
BsI29kMHwbQ
FVtcpVmyRs0
rSrblAxDWI8
9RrlL_os-ug
mONFuq8l608
1YANh27cu8w
j61SBIUP-qE
yN-X4LvkQDo
jbcTUnJFuo0
LSVTWQ8boac
sB_WPC9O834
LxdD5LO8YYY
KaGd5w_BN5A
UMW5jlpQ7rI
ScLs4E8GMg4
6rQKXQm-Wd4
PY1X229iRTg
Fek9p9I3dqE
qmu69HhTB_4
