dTBqWk5QIuI
6exY-p1cyGw
9O2rlZpsKEY
q1Mij7u_1zw
sbEAHiUTpec
bog-GaLRR-k
OfZ_YN4_Elw
k6jdd1Al6xA
wfm4z5WIoGg
IAVjuhSTgdg
iDNve2ynxRA
gBZ06Kcumjs
HUDPJFAAeqs
orjpEzhV7B0
GWOu5f8znIY
ljvZSi_hYX8
Pc7hI8aaW5g
aLCLqqV7vkU
93DSllqWE8I
k2r6o-YJDpA
i6UPPAYFhaA
ZK9Yoe82Q80
_Ci61CPnVu0
E7hPmGcbZtE
dECraEv5dfk
-I9K6RsQAeQ
uJdH9IcSyro
1GRVLftn4kE
CoQUCdUGn_E
UaELuzJztvY
xXrYwopx6jE
OuebQSFeG2A
yNDn_pSeCgA
OU0sikW64xI
Qy7YTaGoWuE
HP9JeeHbZgY
q9zMPZ0O3fU
pp6Umq1sBkA
Gme-zrTrAQo
OQ6KvH82Hp4
84-vS7ozqhU
j9lLFrsuMIw
OgdBawjccfU
arnvsVjVmD8
GOVhJIaX6D0
lh_BqBaN98s
IrxGkJMGaK0
27WxwsTivUg
_riZLCvzaFc
U2xaQ0b_SZ8
wEBmNDdI5ZU
nGZ807G07u0
tH5_3REKQZE
-LdbHPwcblU
sY8T_wI0sos
9M1nHtITFPE
YkVIwmHpeYw
iAW2W0keEgs
mKpMliR5Uvs
lDqfNK2GSfY
WehEuQqwh5M
Ud0U56S674U
W36f4ANUgO0
XbL7PcCHV7g
JkZRqtaQT6U
4btSmL4d2ts
Uo05MSAUbhU
aoXYvK81N90
xY9XiKyXZsg
G-uVK8WyZC0
wyRNg7cXvmA
uDphrtbrlsA
er9DCc1kyLg
ytgRrsi20q0
goanfZh7EdA
AXQY0bBG9ik
lPyE4yySFlk
fD_ePGXfrj4
s2-Bz_SPxEk
qydh_59dPKU
yF4kYo1dSK0
4dMWUENwiwQ
5oIe08-UqHc
t6jR2NIT4AY
b2O_FqIaHck
TviZxrbsMlA
B9jB37g9Vz8
RKmoK_fp_D8
drhtUqFiT38
oZXyayYFE3o
GAKOPifz5oI
nkv4jria180
lDPBrHGnjtw
jbEUVlCsvdY
bRAqQQqpnyk
jB8sDR_PEPk
tZJxfaQ7ypo
xhbJFTbau-s
lmGeY3kAe5g
bHuOOEHh158
8LufjItDKe8
Tl4hVrnGQUU
cdF25_Ee10A
hqiOtx7yB3I
ezUx36VApgA
qt9KfpWuRKg
gpwg_xt3ttU
ruRqX9OrKPA
av4r_l1MvGs
pS7dpVwzhTk
2t7V3FouVzU
am6Xil5v2xs
WPzZlFv71c0
GwKHo0uJ2A8
z_QNaPkLYa8
Hic-0dPci7Q
sULSeT43HZY
bwgvU5aB6zQ
wMvB6N6f9FY
jwoWet2Ra0s
xuEkPJPMVMc
WDARTWDX5dU
eE4wNPOxmCY
tOZf6snRhVo
IewQCVR2nGI
2anwuTJ6eEI
uexhdl1LVCY
CZ5xqDrlVkw
N6L6fSfQl1U
2UajvBPLxnQ
pOV4JyzsDzA
qEkFgbMgC-Q
17Deglyni2w
5o8_pmbneOA
hWXxVm8y8Zg
WJs5sqtknRo
SkeYoA70fL4
mLrrRXE1zds
MVTIITuGj3c
6Gr2wqwARl8
ntNzjZL1b3U
0kZZL2melzo
NHzyuaAVWuw
YJio1QpaULM
GPYn1vJh1Q0
Y79S8kQpK6k
nkvzVYhkEFg
hh-FC74GNMc
MiNtiO1OMSM
b6buIE_a9eI
sMF8_031K4I
bu6UkR1Vq08
kF3CcpgLxgc
5LqExUYIXaA
B0qfEjRZPiQ
XI9UtfDlENU
bnZchChp4YI
gFzvT-osgT0
mfIrtYB25zE
cxrbQLkURbY
8pxdSCng-hc
Cp8VUPDuV1I
j2cO0_3IDyA
3AOC8tjY3eM
5wz2LNIB2pg
XNfMUYPKgYM
EUpecExUnfM
5B2VGs2Wh5A
9276fUeLZ_I
rBm73zxSL8U
wqlkh-Ur4Xc
9Q6NjAByT1k
XKVZjzo-uDM
99R2d0Oe9fU
jZqlufWyU90
Zty4gXllVdg
33svo1IWRs4
gT9KxzCZFD4
wJpwFT8edH4
euOr64TVZi0
YqYhOCfrOE8
MJN9z5SiBdY
hW_eMBYJQ6g
g5p9KfKPBHw
GQeIiHmb1GY
T2IXctRKBtI
tAxD8_TpHfg
aa7hgZf8mns
RT9wE2-q5DQ
uW-Yhw6iTQ8
epdUMfIvpbw
_DP7xyG-Q4M
r9svXMrUi3Q
QEgnhl-PnwE
3TSNwlKLDfc
zvcPkWBeayk
r6syIw-Yve0
d9chR9NOm1o
dgyGnDsxNfs
uax-XfzV4no
-QU5-usHLs4
40FHILOP-4o
Y7OiU59PKaE
L8RFS7eaOZ8
JQ89hlbyM6E
hYBW3WWMr70
OOGsa-htLhc
L98irDy_Wuc
U_oaOus97qI
wfWNxrWq9io
PWcWrHW6bPs
EV9wByjIig0
cWHIxOE0alc
FuE5S_j8wWY
8hMZWrUEjb4
E6e1Je0qOZI
52P6PGYNTV4
q6GBrZ3IpPA
YpvTG_R9AII
tJcdK0yUxLU
G20PTAdvJzY
nmU0o4Wtpvo
vJRUKRbnrX0
dKiefbJY-Sc
bA-27LtW9rg
-yOXafydGGA
bV6RJcThyZ8
jUcAC3fR2l8
m6o2kxpLK70
H9zFyaml1Io
XQuEXw7753I
LJBiI3Ukm6g
lTOkgaUIbWo
uc4hmdH7T04
ndWRuncqHtE
0_csTr1RX9o
ZEs8y2XG1BA
LdFG4sZL-r4
i__IGU1Zm64
NlS5ZHplqDU
wMVUU7o1QL0
VhV2SrwVTiI
Iu8NSGs2KEU
oiLK7P2aMIA
M7saK5-IJqg
-qbXl5pCJgI
rtzonsgfKS0
ib2rh_boxqk
WLsfGxPO9NI
5afMU2DZE6c
BYkPThjs3aU
JvDpZbK3B34
uk1F2nePghE
Q7gtv133c3g
sXqyInJyb4g
gSudCiEcdNM
mjj63ZgN7_o
UScmZr23Kb8
5vmdRS8WYlk
wVIusQffaFI
0H_QinsZeXM
_GJ7xUmIALs
RGOfUEdIaGM
UuFlNotXcWA
bApDJ4KsMN8
c6zmJJR8WXc
iLGHyHYIur8
pHqsdY-7nkc
4ehrIA0U72E
4RS75I-qzsk
LnL_3cF4N9E
wGmonwT49Cg
Zmsdsc4gRHo
I-_Ie6ZThmU
DL6IU5ynzGY
ezhS10DUSls
aQRzjN8PtQU
ouuGTZwxYK0
rdAo1X89xAM
cbCwJgYgAec
